Archive member included to satisfy reference by file (symbol)

c:/program files (x86)/embitz/2.60/share/armgcc/bin/../lib/gcc/arm-none-eabi/9.3.1/thumb/v6-m/nofp\libgcc.a(_udivsi3.o)
                              .objs\ll\src\stm32l0xx_ll_rcc.o (__aeabi_uidiv)
c:/program files (x86)/embitz/2.60/share/armgcc/bin/../lib/gcc/arm-none-eabi/9.3.1/thumb/v6-m/nofp\libgcc.a(_divsi3.o)
                              .objs\src\main.o (__aeabi_idiv)
c:/program files (x86)/embitz/2.60/share/armgcc/bin/../lib/gcc/arm-none-eabi/9.3.1/thumb/v6-m/nofp\libgcc.a(_dvmd_tls.o)
                              c:/program files (x86)/embitz/2.60/share/armgcc/bin/../lib/gcc/arm-none-eabi/9.3.1/thumb/v6-m/nofp\libgcc.a(_udivsi3.o) (__aeabi_idiv0)
c:/program files (x86)/embitz/2.60/share/armgcc/bin/../lib/gcc/arm-none-eabi/9.3.1/thumb/v6-m/nofp\libgcc.a(_aeabi_uldivmod.o)
                              .objs\ll\src\stm32l0xx_ll_lpuart.o (__aeabi_uldivmod)
c:/program files (x86)/embitz/2.60/share/armgcc/bin/../lib/gcc/arm-none-eabi/9.3.1/thumb/v6-m/nofp\libgcc.a(_udivmoddi4.o)
                              c:/program files (x86)/embitz/2.60/share/armgcc/bin/../lib/gcc/arm-none-eabi/9.3.1/thumb/v6-m/nofp\libgcc.a(_aeabi_uldivmod.o) (__udivmoddi4)
c:/program files (x86)/embitz/2.60/share/armgcc/bin/../lib/gcc/arm-none-eabi/9.3.1/thumb/v6-m/nofp\libgcc.a(_clzdi2.o)
                              c:/program files (x86)/embitz/2.60/share/armgcc/bin/../lib/gcc/arm-none-eabi/9.3.1/thumb/v6-m/nofp\libgcc.a(_udivmoddi4.o) (__clzdi2)
c:/program files (x86)/embitz/2.60/share/armgcc/bin/../lib/gcc/arm-none-eabi/9.3.1/thumb/v6-m/nofp\libgcc.a(_clzsi2.o)
                              c:/program files (x86)/embitz/2.60/share/armgcc/bin/../lib/gcc/arm-none-eabi/9.3.1/thumb/v6-m/nofp\libgcc.a(_clzdi2.o) (__clzsi2)
c:/program files (x86)/embitz/2.60/share/armgcc/bin/../lib/gcc/arm-none-eabi/9.3.1/../../../../arm-none-eabi/lib/thumb/v6-m/nofp\libg_nano.a(lib_a-exit.o)
                              c:/program files (x86)/embitz/2.60/share/armgcc/bin/../lib/gcc/arm-none-eabi/9.3.1/../../../../arm-none-eabi/lib/thumb/v6-m/nofp/crt0.o (exit)
c:/program files (x86)/embitz/2.60/share/armgcc/bin/../lib/gcc/arm-none-eabi/9.3.1/../../../../arm-none-eabi/lib/thumb/v6-m/nofp\libg_nano.a(lib_a-impure.o)
                              c:/program files (x86)/embitz/2.60/share/armgcc/bin/../lib/gcc/arm-none-eabi/9.3.1/../../../../arm-none-eabi/lib/thumb/v6-m/nofp\libg_nano.a(lib_a-exit.o) (_global_impure_ptr)
c:/program files (x86)/embitz/2.60/share/armgcc/bin/../lib/gcc/arm-none-eabi/9.3.1/../../../../arm-none-eabi/lib/thumb/v6-m/nofp\libg_nano.a(lib_a-init.o)
                              c:/program files (x86)/embitz/2.60/share/armgcc/bin/../lib/gcc/arm-none-eabi/9.3.1/../../../../arm-none-eabi/lib/thumb/v6-m/nofp/crt0.o (__libc_init_array)
c:/program files (x86)/embitz/2.60/share/armgcc/bin/../lib/gcc/arm-none-eabi/9.3.1/../../../../arm-none-eabi/lib/thumb/v6-m/nofp\libg_nano.a(lib_a-memset.o)
                              c:/program files (x86)/embitz/2.60/share/armgcc/bin/../lib/gcc/arm-none-eabi/9.3.1/../../../../arm-none-eabi/lib/thumb/v6-m/nofp/crt0.o (memset)
c:/program files (x86)/embitz/2.60/share/armgcc/bin/../lib/gcc/arm-none-eabi/9.3.1/../../../../arm-none-eabi/lib/thumb/v6-m/nofp\libg_nano.a(lib_a-printf.o)
                              .objs\src\main.o (printf)
c:/program files (x86)/embitz/2.60/share/armgcc/bin/../lib/gcc/arm-none-eabi/9.3.1/../../../../arm-none-eabi/lib/thumb/v6-m/nofp\libg_nano.a(lib_a-puts.o)
                              .objs\src\main.o (puts)
c:/program files (x86)/embitz/2.60/share/armgcc/bin/../lib/gcc/arm-none-eabi/9.3.1/../../../../arm-none-eabi/lib/thumb/v6-m/nofp\libg_nano.a(lib_a-wbuf.o)
                              c:/program files (x86)/embitz/2.60/share/armgcc/bin/../lib/gcc/arm-none-eabi/9.3.1/../../../../arm-none-eabi/lib/thumb/v6-m/nofp\libg_nano.a(lib_a-puts.o) (__swbuf_r)
c:/program files (x86)/embitz/2.60/share/armgcc/bin/../lib/gcc/arm-none-eabi/9.3.1/../../../../arm-none-eabi/lib/thumb/v6-m/nofp\libg_nano.a(lib_a-wsetup.o)
                              c:/program files (x86)/embitz/2.60/share/armgcc/bin/../lib/gcc/arm-none-eabi/9.3.1/../../../../arm-none-eabi/lib/thumb/v6-m/nofp\libg_nano.a(lib_a-puts.o) (__swsetup_r)
c:/program files (x86)/embitz/2.60/share/armgcc/bin/../lib/gcc/arm-none-eabi/9.3.1/../../../../arm-none-eabi/lib/thumb/v6-m/nofp\libg_nano.a(lib_a-fflush.o)
                              c:/program files (x86)/embitz/2.60/share/armgcc/bin/../lib/gcc/arm-none-eabi/9.3.1/../../../../arm-none-eabi/lib/thumb/v6-m/nofp\libg_nano.a(lib_a-wbuf.o) (_fflush_r)
c:/program files (x86)/embitz/2.60/share/armgcc/bin/../lib/gcc/arm-none-eabi/9.3.1/../../../../arm-none-eabi/lib/thumb/v6-m/nofp\libg_nano.a(lib_a-findfp.o)
                              c:/program files (x86)/embitz/2.60/share/armgcc/bin/../lib/gcc/arm-none-eabi/9.3.1/../../../../arm-none-eabi/lib/thumb/v6-m/nofp\libg_nano.a(lib_a-printf.o) (__sinit)
[...]
Memory Configuration

Name             Origin             Length             Attributes
FLASH            0x08000000         0x00004000         xr
RAM              0x20000000         0x00000800         xrw
*default*        0x00000000         0xffffffff

Linker script and memory map

LOAD c:/program files (x86)/embitz/2.60/share/armgcc/bin/../lib/gcc/arm-none-eabi/9.3.1/thumb/v6-m/nofp/crti.o
LOAD c:/program files (x86)/embitz/2.60/share/armgcc/bin/../lib/gcc/arm-none-eabi/9.3.1/thumb/v6-m/nofp/crtbegin.o
LOAD c:/program files (x86)/embitz/2.60/share/armgcc/bin/../lib/gcc/arm-none-eabi/9.3.1/../../../../arm-none-eabi/lib/thumb/v6-m/nofp/crt0.o
                0x00000000                __HEAP_SIZE = 0x0
                0x00000100                __STACK_SIZE = 0x100
                0x00000000                _Min_Heap_Size = __HEAP_SIZE
                0x00000100                _Min_Stack_Size = __STACK_SIZE
                0x20000800                _estack = (ORIGIN (RAM) + LENGTH (RAM))

.isr_vector     0x08000000       0xc0
                0x08000000                . = ALIGN (0x4)
 *(.isr_vector)
 .isr_vector    0x08000000       0xc0 .objs\src\startup_stm32l010x4.o
                0x08000000                g_pfnVectors
                0x080000c0                . = ALIGN (0x4)

.text           0x080000c0     0x2e74
                0x080000c0                . = ALIGN (0x4)
 *(.text)
 .text          0x080000c0       0x48 c:/program files (x86)/embitz/2.60/share/armgcc/bin/../lib/gcc/arm-none-eabi/9.3.1/thumb/v6-m/nofp/crtbegin.o
 .text          0x08000108      0x114 c:/program files (x86)/embitz/2.60/share/armgcc/bin/../lib/gcc/arm-none-eabi/9.3.1/thumb/v6-m/nofp\libgcc.a(_udivsi3.o)
                0x08000108                __aeabi_uidiv
                0x08000108                __udivsi3
                0x08000214                __aeabi_uidivmod
 .text          0x0800021c      0x1d4 c:/program files (x86)/embitz/2.60/share/armgcc/bin/../lib/gcc/arm-none-eabi/9.3.1/thumb/v6-m/nofp\libgcc.a(_divsi3.o)
                0x0800021c                __divsi3
                0x0800021c                __aeabi_idiv
                0x080003e8                __aeabi_idivmod
 .text          0x080003f0        0x4 c:/program files (x86)/embitz/2.60/share/armgcc/bin/../lib/gcc/arm-none-eabi/9.3.1/thumb/v6-m/nofp\libgcc.a(_dvmd_tls.o)
                0x080003f0                __aeabi_idiv0
                0x080003f0                __aeabi_ldiv0
 .text          0x080003f4       0x40 c:/program files (x86)/embitz/2.60/share/armgcc/bin/../lib/gcc/arm-none-eabi/9.3.1/thumb/v6-m/nofp\libgcc.a(_aeabi_uldivmod.o)
                0x080003f4                __aeabi_uldivmod
 .text          0x08000434      0x198 c:/program files (x86)/embitz/2.60/share/armgcc/bin/../lib/gcc/arm-none-eabi/9.3.1/thumb/v6-m/nofp\libgcc.a(_udivmoddi4.o)
                0x08000434                __udivmoddi4
 .text          0x080005cc       0x18 c:/program files (x86)/embitz/2.60/share/armgcc/bin/../lib/gcc/arm-none-eabi/9.3.1/thumb/v6-m/nofp\libgcc.a(_clzdi2.o)
                0x080005cc                __clzdi2
 .text          0x080005e4       0x3c c:/program files (x86)/embitz/2.60/share/armgcc/bin/../lib/gcc/arm-none-eabi/9.3.1/thumb/v6-m/nofp\libgcc.a(_clzsi2.o)
                0x080005e4                __clzsi2
 *(.text*)
 .text.Reset_Handler
                0x08000620       0x7c .objs\src\startup_stm32l010x4.o
                0x08000620                Reset_Handler
 .text.Default_Handler
                0x0800069c        0x2 .objs\src\startup_stm32l010x4.o
                0x0800069c                HardFault_Handler
                0x0800069c                PendSV_Handler
                0x0800069c                NMI_Handler
                0x0800069c                I2C1_IRQHandler
                0x0800069c                SPI1_IRQHandler
                0x0800069c                EXTI2_3_IRQHandler
                0x0800069c                ADC1_IRQHandler
                0x0800069c                RTC_IRQHandler
                0x0800069c                EXTI4_15_IRQHandler
                0x0800069c                RCC_IRQHandler
                0x0800069c                Default_Handler
                0x0800069c                DMA1_Channel4_5_IRQHandler
                0x0800069c                EXTI0_1_IRQHandler
                0x0800069c                SVC_Handler
                0x0800069c                TIM21_IRQHandler
                0x0800069c                WWDG_IRQHandler
                0x0800069c                TIM2_IRQHandler
                0x0800069c                DMA1_Channel2_3_IRQHandler
                0x0800069c                USART2_IRQHandler
                0x0800069c                FLASH_IRQHandler
                0x0800069c                LPTIM1_IRQHandler
 *fill*         0x0800069e        0x2 
 .text.LL_RCC_HSI_Enable
                0x080006a0       0x1c .objs\src\clock_l0xx.o
 .text.LL_RCC_HSI_IsReady
                0x080006bc       0x20 .objs\src\clock_l0xx.o
 .text.LL_RCC_HSI_EnableDivider
                0x080006dc       0x1c .objs\src\clock_l0xx.o
 .text.LL_RCC_SetSysClkSource
                0x080006f8       0x28 .objs\src\clock_l0xx.o
 .text.LL_RCC_GetSysClkSource
                0x08000720       0x18 .objs\src\clock_l0xx.o
 .text.LL_RCC_SetAHBPrescaler
                0x08000738       0x28 .objs\src\clock_l0xx.o
 .text.LL_RCC_SetAPB1Prescaler
                0x08000760       0x2c .objs\src\clock_l0xx.o
 .text.LL_RCC_SetAPB2Prescaler
                0x0800078c       0x2c .objs\src\clock_l0xx.o
 .text.LL_FLASH_SetLatency
                0x080007b8       0x28 .objs\src\clock_l0xx.o
 .text.LL_FLASH_GetLatency
                0x080007e0       0x18 .objs\src\clock_l0xx.o
 .text.LL_FLASH_EnablePrefetch
                0x080007f8       0x1c .objs\src\clock_l0xx.o
 .text.LL_FLASH_EnablePreRead
                0x08000814       0x1c .objs\src\clock_l0xx.o
 .text.LL_APB1_GRP1_EnableClock
                0x08000830       0x2c .objs\src\clock_l0xx.o
 .text.LL_APB2_GRP1_EnableClock
                0x0800085c       0x2c .objs\src\clock_l0xx.o
 .text.LL_PWR_SetRegulVoltageScaling
                0x08000888       0x2c .objs\src\clock_l0xx.o
 .text.ClockInit
                0x080008b4       0x72 .objs\src\clock_l0xx.o
                0x080008b4                ClockInit
 *fill*         0x08000926        0x2 
 .text.ebmonitor_init
                0x08000928       0x20 .objs\src\ebmon.o
 .text._write   0x08000948       0x94 .objs\src\ebmon.o
                0x08000948                _write
 .text._read    0x080009dc       0xa8 .objs\src\ebmon.o
                0x080009dc                _read
 .text.__NVIC_EnableIRQ
                0x08000a84       0x34 .objs\src\io_stm32l0xx.o
 .text.__NVIC_SetPriority
                0x08000ab8       0xdc .objs\src\io_stm32l0xx.o
 .text.LL_AHB1_GRP1_EnableClock
                0x08000b94       0x2c .objs\src\io_stm32l0xx.o
 .text.LL_AHB1_GRP1_EnableClockSleep
                0x08000bc0       0x2c .objs\src\io_stm32l0xx.o
 .text.LL_APB1_GRP1_EnableClock
                0x08000bec       0x2c .objs\src\io_stm32l0xx.o
 .text.LL_APB2_GRP1_EnableClock
                0x08000c18       0x2c .objs\src\io_stm32l0xx.o
 .text.LL_IOP_GRP1_EnableClock
                0x08000c44       0x2c .objs\src\io_stm32l0xx.o
 .text.LL_ADC_SetCommonFrequencyMode
                0x08000c70       0x28 .objs\src\io_stm32l0xx.o
 .text.LL_ADC_SetClock
                0x08000c98       0x22 .objs\src\io_stm32l0xx.o
 .text.LL_ADC_SetResolution
                0x08000cba       0x24 .objs\src\io_stm32l0xx.o
 .text.LL_ADC_SetSamplingTimeCommonChannels
                0x08000cde       0x24 .objs\src\io_stm32l0xx.o
 .text.LL_ADC_REG_SetSequencerChAdd
                0x08000d02       0x22 .objs\src\io_stm32l0xx.o
 .text.LL_ADC_REG_SetDMATransfer
                0x08000d24       0x24 .objs\src\io_stm32l0xx.o
 .text.LL_ADC_EnableInternalRegulator
                0x08000d48       0x28 .objs\src\io_stm32l0xx.o
 .text.LL_ADC_Enable
                0x08000d70       0x24 .objs\src\io_stm32l0xx.o
 .text.LL_ADC_StartCalibration
                0x08000d94       0x28 .objs\src\io_stm32l0xx.o
 .text.LL_ADC_IsCalibrationOnGoing
                0x08000dbc       0x26 .objs\src\io_stm32l0xx.o
 .text.LL_LPUART_Enable
                0x08000de2       0x1c .objs\src\io_stm32l0xx.o
 .text.LL_LPUART_EnableDirectionTx
                0x08000dfe       0x1c .objs\src\io_stm32l0xx.o
 *fill*         0x08000e1a        0x2 
 .text.LL_LPUART_SetDataWidth
                0x08000e1c       0x28 .objs\src\io_stm32l0xx.o
 .text.LL_LPUART_SetStopBitsLength
                0x08000e44       0x28 .objs\src\io_stm32l0xx.o
 .text.LL_LPUART_SetBaudRate
                0x08000e6c       0x5e .objs\src\io_stm32l0xx.o
 .text.LL_LPUART_EnableIT_TC
                0x08000eca       0x1c .objs\src\io_stm32l0xx.o
 *fill*         0x08000ee6        0x2 
 .text.LL_DMA_EnableChannel
                0x08000ee8       0x3c .objs\src\io_stm32l0xx.o
 .text.LL_DMA_ConfigTransfer
                0x08000f24       0x48 .objs\src\io_stm32l0xx.o
 .text.LL_DMA_SetDataLength
                0x08000f6c       0x40 .objs\src\io_stm32l0xx.o
 .text.LL_DMA_ConfigAddresses
                0x08000fac       0x6c .objs\src\io_stm32l0xx.o
 .text.LL_DMA_SetPeriphRequest
                0x08001018       0x3e .objs\src\io_stm32l0xx.o
 *fill*         0x08001056        0x2 
 .text.LL_DMA_EnableIT_TC
                0x08001058       0x3c .objs\src\io_stm32l0xx.o
 .text.LL_DMA_EnableIT_TE
                0x08001094       0x3c .objs\src\io_stm32l0xx.o
 .text.IO_GetLineActive
                0x080010d0       0x84 .objs\src\io_stm32l0xx.o
                0x080010d0                IO_GetLineActive
 .text.IO_Init  0x08001154       0x54 .objs\src\io_stm32l0xx.o
                0x08001154                IO_Init
 .text.IO_ConfigLine
                0x080011a8      0x1e8 .objs\src\io_stm32l0xx.o
 .text.IO_DeConfigLine
                0x08001390       0xa8 .objs\src\io_stm32l0xx.o
                0x08001390                IO_DeConfigLine
 .text.IO_ADC_Init
                0x08001438       0xb0 .objs\src\io_stm32l0xx.o
 .text.IO_UARTC_Init
                0x080014e8       0x70 .objs\src\io_stm32l0xx.o
                0x080014e8                IO_UARTC_Init
 .text.IO_DMA_Init
                0x08001558       0x88 .objs\src\io_stm32l0xx.o
 .text.__NVIC_SetPriority
                0x080015e0       0xdc .objs\src\main.o
 .text.SysTick_Config
                0x080016bc       0x48 .objs\src\main.o
 .text.LL_ADC_EnableInternalRegulator
                0x08001704       0x28 .objs\src\main.o
 .text.LL_ADC_DisableInternalRegulator
                0x0800172c       0x20 .objs\src\main.o
 .text.LL_ADC_Enable
                0x0800174c       0x24 .objs\src\main.o
 .text.LL_ADC_Disable
                0x08001770       0x24 .objs\src\main.o
 .text.LL_ADC_REG_StartConversion
                0x08001794       0x24 .objs\src\main.o
 .text.LL_APB1_GRP1_EnableClock
                0x080017b8       0x2c .objs\src\main.o
 .text.LL_DMA_IsActiveFlag_TC1
                0x080017e4       0x22 .objs\src\main.o
 .text.LL_DMA_IsActiveFlag_TE1
                0x08001806       0x22 .objs\src\main.o
 .text.LL_LPUART_IsActiveFlag_TC
                0x08001828       0x20 .objs\src\main.o
 .text.LL_LPUART_IsActiveFlag_TXE
                0x08001848       0x20 .objs\src\main.o
 .text.LL_LPUART_ClearFlag_TC
                0x08001868       0x16 .objs\src\main.o
 .text.LL_LPUART_EnableIT_TXE
                0x0800187e       0x1c .objs\src\main.o
 .text.LL_LPUART_DisableIT_TXE
                0x0800189a       0x1e .objs\src\main.o
 .text.LL_WWDG_Enable
                0x080018b8       0x1c .objs\src\main.o
 .text.LL_WWDG_SetCounter
                0x080018d4       0x24 .objs\src\main.o
 .text.LL_WWDG_SetPrescaler
                0x080018f8       0x28 .objs\src\main.o
 .text.LL_WWDG_SetWindow
                0x08001920       0x24 .objs\src\main.o
 .text.DMA1_Channel1_IRQHandler
                0x08001944       0x44 .objs\src\main.o
                0x08001944                DMA1_Channel1_IRQHandler
 .text.SysTick_Handler
                0x08001988       0x18 .objs\src\main.o
                0x08001988                SysTick_Handler
 .text.LPUART1_IRQHandler
                0x080019a0       0x78 .objs\src\main.o
                0x080019a0                LPUART1_IRQHandler
 .text.Timer_Is_Expired
                0x08001a18       0x28 .objs\src\main.o
                0x08001a18                Timer_Is_Expired
 .text.Main_Timer_Set
                0x08001a40       0x20 .objs\src\main.o
                0x08001a40                Main_Timer_Set
 .text.data_update
                0x08001a60       0x7c .objs\src\main.o
                0x08001a60                data_update
 .text.adc_processing
                0x08001adc      0x240 .objs\src\main.o
                0x08001adc                adc_processing
 .text.fill_buffer_legacy
                0x08001d1c      0x100 .objs\src\main.o
                0x08001d1c                fill_buffer_legacy
 .text.dallas_crc8
                0x08001e1c       0x58 .objs\src\main.o
                0x08001e1c                dallas_crc8
 .text.fill_buffer_modern
                0x08001e74      0x158 .objs\src\main.o
                0x08001e74                fill_buffer_modern
 .text.threshold_update
                0x08001fcc       0x40 .objs\src\main.o
                0x08001fcc                threshold_update
 .text.uart_processing
                0x0800200c      0x100 .objs\src\main.o
                0x0800200c                uart_processing
 .text.wd_init  0x0800210c       0x40 .objs\src\main.o
                0x0800210c                wd_init
 .text.main     0x0800214c      0x150 .objs\src\main.o
                0x0800214c                main
 .text.calc_temperature
                0x0800229c      0x178 .objs\src\ntc_sensor.o
                0x0800229c                calc_temperature
 .text.SystemInit
                0x08002414       0x7c .objs\src\system_stm32l0xx.o
                0x08002414                SystemInit
 .text.memset   0x08002490       0x10 c:/program files (x86)/embitz/2.60/share/armgcc/bin/../lib/gcc/arm-none-eabi/9.3.1/../../../../arm-none-eabi/lib/thumb/v6-m/nofp\libg_nano.a(lib_a-memset.o)
                0x08002490                memset
 .text._puts_r  0x080024a0       0xe4 c:/program files (x86)/embitz/2.60/share/armgcc/bin/../lib/gcc/arm-none-eabi/9.3.1/../../../../arm-none-eabi/lib/thumb/v6-m/nofp\libg_nano.a(lib_a-puts.o)
                0x080024a0                _puts_r
 .text.puts     0x08002584       0x14 c:/program files (x86)/embitz/2.60/share/armgcc/bin/../lib/gcc/arm-none-eabi/9.3.1/../../../../arm-none-eabi/lib/thumb/v6-m/nofp\libg_nano.a(lib_a-puts.o)
                0x08002584                puts
 .text.__swbuf_r
                0x08002598       0xac c:/program files (x86)/embitz/2.60/share/armgcc/bin/../lib/gcc/arm-none-eabi/9.3.1/../../../../arm-none-eabi/lib/thumb/v6-m/nofp\libg_nano.a(lib_a-wbuf.o)
                0x08002598                __swbuf_r
 .text.__swsetup_r
                0x08002644       0xf0 c:/program files (x86)/embitz/2.60/share/armgcc/bin/../lib/gcc/arm-none-eabi/9.3.1/../../../../arm-none-eabi/lib/thumb/v6-m/nofp\libg_nano.a(lib_a-wsetup.o)
                0x08002644                __swsetup_r
 .text.__sflush_r
                0x08002734      0x118 c:/program files (x86)/embitz/2.60/share/armgcc/bin/../lib/gcc/arm-none-eabi/9.3.1/../../../../arm-none-eabi/lib/thumb/v6-m/nofp\libg_nano.a(lib_a-fflush.o)
                0x08002734                __sflush_r
 .text._fflush_r
                0x0800284c       0x80 c:/program files (x86)/embitz/2.60/share/armgcc/bin/../lib/gcc/arm-none-eabi/9.3.1/../../../../arm-none-eabi/lib/thumb/v6-m/nofp\libg_nano.a(lib_a-fflush.o)
                0x0800284c                _fflush_r
 .text.std      0x080028cc       0x48 c:/program files (x86)/embitz/2.60/share/armgcc/bin/../lib/gcc/arm-none-eabi/9.3.1/../../../../arm-none-eabi/lib/thumb/v6-m/nofp\libg_nano.a(lib_a-findfp.o)
 .text._cleanup_r
                0x08002914       0x10 c:/program files (x86)/embitz/2.60/share/armgcc/bin/../lib/gcc/arm-none-eabi/9.3.1/../../../../arm-none-eabi/lib/thumb/v6-m/nofp\libg_nano.a(lib_a-findfp.o)
                0x08002914                _cleanup_r
 .text.__sfmoreglue
                0x08002924       0x2c c:/program files (x86)/embitz/2.60/share/armgcc/bin/../lib/gcc/arm-none-eabi/9.3.1/../../../../arm-none-eabi/lib/thumb/v6-m/nofp\libg_nano.a(lib_a-findfp.o)
                0x08002924                __sfmoreglue
 .text.__sfp_lock_acquire
                0x08002950       0x10 c:/program files (x86)/embitz/2.60/share/armgcc/bin/../lib/gcc/arm-none-eabi/9.3.1/../../../../arm-none-eabi/lib/thumb/v6-m/nofp\libg_nano.a(lib_a-findfp.o)
                0x08002950                __sfp_lock_acquire
 .text.__sfp_lock_release
                0x08002960       0x10 c:/program files (x86)/embitz/2.60/share/armgcc/bin/../lib/gcc/arm-none-eabi/9.3.1/../../../../arm-none-eabi/lib/thumb/v6-m/nofp\libg_nano.a(lib_a-findfp.o)
                0x08002960                __sfp_lock_release
 .text.__sinit_lock_acquire
                0x08002970       0x10 c:/program files (x86)/embitz/2.60/share/armgcc/bin/../lib/gcc/arm-none-eabi/9.3.1/../../../../arm-none-eabi/lib/thumb/v6-m/nofp\libg_nano.a(lib_a-findfp.o)
                0x08002970                __sinit_lock_acquire
 .text.__sinit_lock_release
                0x08002980       0x10 c:/program files (x86)/embitz/2.60/share/armgcc/bin/../lib/gcc/arm-none-eabi/9.3.1/../../../../arm-none-eabi/lib/thumb/v6-m/nofp\libg_nano.a(lib_a-findfp.o)
                0x08002980                __sinit_lock_release
 .text.__sinit  0x08002990       0x70 c:/program files (x86)/embitz/2.60/share/armgcc/bin/../lib/gcc/arm-none-eabi/9.3.1/../../../../arm-none-eabi/lib/thumb/v6-m/nofp\libg_nano.a(lib_a-findfp.o)
                0x08002990                __sinit
 .text.__sfp    0x08002a00       0x90 c:/program files (x86)/embitz/2.60/share/armgcc/bin/../lib/gcc/arm-none-eabi/9.3.1/../../../../arm-none-eabi/lib/thumb/v6-m/nofp\libg_nano.a(lib_a-findfp.o)
                0x08002a00                __sfp
 .text._fwalk_reent
                0x08002a90       0x40 c:/program files (x86)/embitz/2.60/share/armgcc/bin/../lib/gcc/arm-none-eabi/9.3.1/../../../../arm-none-eabi/lib/thumb/v6-m/nofp\libg_nano.a(lib_a-fwalk.o)
                0x08002a90                _fwalk_reent
 .text.__retarget_lock_init_recursive
                0x08002ad0        0x2 c:/program files (x86)/embitz/2.60/share/armgcc/bin/../lib/gcc/arm-none-eabi/9.3.1/../../../../arm-none-eabi/lib/thumb/v6-m/nofp\libg_nano.a(lib_a-lock.o)
                0x08002ad0                __retarget_lock_init_recursive
 .text.__retarget_lock_acquire_recursive
                0x08002ad2        0x2 c:/program files (x86)/embitz/2.60/share/armgcc/bin/../lib/gcc/arm-none-eabi/9.3.1/../../../../arm-none-eabi/lib/thumb/v6-m/nofp\libg_nano.a(lib_a-lock.o)
                0x08002ad2                __retarget_lock_acquire_recursive
 .text.__retarget_lock_release_recursive
                0x08002ad4        0x2 c:/program files (x86)/embitz/2.60/share/armgcc/bin/../lib/gcc/arm-none-eabi/9.3.1/../../../../arm-none-eabi/lib/thumb/v6-m/nofp\libg_nano.a(lib_a-lock.o)
                0x08002ad4                __retarget_lock_release_recursive
 *fill*         0x08002ad6        0x2 
 .text.__swhatbuf_r
                0x08002ad8       0x50 c:/program files (x86)/embitz/2.60/share/armgcc/bin/../lib/gcc/arm-none-eabi/9.3.1/../../../../arm-none-eabi/lib/thumb/v6-m/nofp\libg_nano.a(lib_a-makebuf.o)
                0x08002ad8                __swhatbuf_r
 .text.__smakebuf_r
                0x08002b28       0x88 c:/program files (x86)/embitz/2.60/share/armgcc/bin/../lib/gcc/arm-none-eabi/9.3.1/../../../../arm-none-eabi/lib/thumb/v6-m/nofp\libg_nano.a(lib_a-makebuf.o)
                0x08002b28                __smakebuf_r
 .text._free_r  0x08002bb0       0x94 c:/program files (x86)/embitz/2.60/share/armgcc/bin/../lib/gcc/arm-none-eabi/9.3.1/../../../../arm-none-eabi/lib/thumb/v6-m/nofp\libg_nano.a(lib_a-nano-freer.o)
                0x08002bb0                _free_r
 .text._malloc_r
                0x08002c44       0xbc c:/program files (x86)/embitz/2.60/share/armgcc/bin/../lib/gcc/arm-none-eabi/9.3.1/../../../../arm-none-eabi/lib/thumb/v6-m/nofp\libg_nano.a(lib_a-nano-mallocr.o)
                0x08002c44                _malloc_r
 .text._sbrk_r  0x08002d00       0x24 c:/program files (x86)/embitz/2.60/share/armgcc/bin/../lib/gcc/arm-none-eabi/9.3.1/../../../../arm-none-eabi/lib/thumb/v6-m/nofp\libg_nano.a(lib_a-sbrkr.o)
                0x08002d00                _sbrk_r
 .text.__sread  0x08002d24       0x28 c:/program files (x86)/embitz/2.60/share/armgcc/bin/../lib/gcc/arm-none-eabi/9.3.1/../../../../arm-none-eabi/lib/thumb/v6-m/nofp\libg_nano.a(lib_a-stdio.o)
                0x08002d24                __sread
 .text.__swrite
                0x08002d4c       0x38 c:/program files (x86)/embitz/2.60/share/armgcc/bin/../lib/gcc/arm-none-eabi/9.3.1/../../../../arm-none-eabi/lib/thumb/v6-m/nofp\libg_nano.a(lib_a-stdio.o)
                0x08002d4c                __swrite
 .text.__sseek  0x08002d84       0x2c c:/program files (x86)/embitz/2.60/share/armgcc/bin/../lib/gcc/arm-none-eabi/9.3.1/../../../../arm-none-eabi/lib/thumb/v6-m/nofp\libg_nano.a(lib_a-stdio.o)
                0x08002d84                __sseek
 .text.__sclose
                0x08002db0        0xc c:/program files (x86)/embitz/2.60/share/armgcc/bin/../lib/gcc/arm-none-eabi/9.3.1/../../../../arm-none-eabi/lib/thumb/v6-m/nofp\libg_nano.a(lib_a-stdio.o)
                0x08002db0                __sclose
 .text._write_r
                0x08002dbc       0x28 c:/program files (x86)/embitz/2.60/share/armgcc/bin/../lib/gcc/arm-none-eabi/9.3.1/../../../../arm-none-eabi/lib/thumb/v6-m/nofp\libg_nano.a(lib_a-writer.o)
                0x08002dbc                _write_r
 .text._close_r
                0x08002de4       0x24 c:/program files (x86)/embitz/2.60/share/armgcc/bin/../lib/gcc/arm-none-eabi/9.3.1/../../../../arm-none-eabi/lib/thumb/v6-m/nofp\libg_nano.a(lib_a-closer.o)
                0x08002de4                _close_r
 .text._fstat_r
                0x08002e08       0x24 c:/program files (x86)/embitz/2.60/share/armgcc/bin/../lib/gcc/arm-none-eabi/9.3.1/../../../../arm-none-eabi/lib/thumb/v6-m/nofp\libg_nano.a(lib_a-fstatr.o)
                0x08002e08                _fstat_r
 .text._isatty_r
                0x08002e2c       0x24 c:/program files (x86)/embitz/2.60/share/armgcc/bin/../lib/gcc/arm-none-eabi/9.3.1/../../../../arm-none-eabi/lib/thumb/v6-m/nofp\libg_nano.a(lib_a-isattyr.o)
                0x08002e2c                _isatty_r
 .text._lseek_r
                0x08002e50       0x28 c:/program files (x86)/embitz/2.60/share/armgcc/bin/../lib/gcc/arm-none-eabi/9.3.1/../../../../arm-none-eabi/lib/thumb/v6-m/nofp\libg_nano.a(lib_a-lseekr.o)
                0x08002e50                _lseek_r
 .text.__malloc_lock
                0x08002e78       0x10 c:/program files (x86)/embitz/2.60/share/armgcc/bin/../lib/gcc/arm-none-eabi/9.3.1/../../../../arm-none-eabi/lib/thumb/v6-m/nofp\libg_nano.a(lib_a-mlock.o)
                0x08002e78                __malloc_lock
 .text.__malloc_unlock
                0x08002e88       0x10 c:/program files (x86)/embitz/2.60/share/armgcc/bin/../lib/gcc/arm-none-eabi/9.3.1/../../../../arm-none-eabi/lib/thumb/v6-m/nofp\libg_nano.a(lib_a-mlock.o)
                0x08002e88                __malloc_unlock
 .text._read_r  0x08002e98       0x28 c:/program files (x86)/embitz/2.60/share/armgcc/bin/../lib/gcc/arm-none-eabi/9.3.1/../../../../arm-none-eabi/lib/thumb/v6-m/nofp\libg_nano.a(lib_a-readr.o)
                0x08002e98                _read_r
 .text._close   0x08002ec0       0x10 c:/program files (x86)/embitz/2.60/share/armgcc/bin/../lib/gcc/arm-none-eabi/9.3.1/../../../../arm-none-eabi/lib/thumb/v6-m/nofp\libnosys.a(close.o)
                0x08002ec0                _close
 .text._fstat   0x08002ed0       0x10 c:/program files (x86)/embitz/2.60/share/armgcc/bin/../lib/gcc/arm-none-eabi/9.3.1/../../../../arm-none-eabi/lib/thumb/v6-m/nofp\libnosys.a(fstat.o)
                0x08002ed0                _fstat
 .text._isatty  0x08002ee0       0x10 c:/program files (x86)/embitz/2.60/share/armgcc/bin/../lib/gcc/arm-none-eabi/9.3.1/../../../../arm-none-eabi/lib/thumb/v6-m/nofp\libnosys.a(isatty.o)
                0x08002ee0                _isatty
 .text._lseek   0x08002ef0       0x10 c:/program files (x86)/embitz/2.60/share/armgcc/bin/../lib/gcc/arm-none-eabi/9.3.1/../../../../arm-none-eabi/lib/thumb/v6-m/nofp\libnosys.a(lseek.o)
                0x08002ef0                _lseek
 .text._sbrk    0x08002f00       0x1c c:/program files (x86)/embitz/2.60/share/armgcc/bin/../lib/gcc/arm-none-eabi/9.3.1/../../../../arm-none-eabi/lib/thumb/v6-m/nofp\libnosys.a(sbrk.o)
                0x08002f00                _sbrk
 *(.glue_7)
 .glue_7        0x08002f1c        0x0 linker stubs
 *(.glue_7t)
 .glue_7t       0x08002f1c        0x0 linker stubs
 *(.eh_frame)
 .eh_frame      0x08002f1c        0x0 c:/program files (x86)/embitz/2.60/share/armgcc/bin/../lib/gcc/arm-none-eabi/9.3.1/thumb/v6-m/nofp/crtbegin.o
 *(.init)
 .init          0x08002f1c        0x4 c:/program files (x86)/embitz/2.60/share/armgcc/bin/../lib/gcc/arm-none-eabi/9.3.1/thumb/v6-m/nofp/crti.o
                0x08002f1c                _init
 .init          0x08002f20        0x8 c:/program files (x86)/embitz/2.60/share/armgcc/bin/../lib/gcc/arm-none-eabi/9.3.1/thumb/v6-m/nofp/crtn.o
 *(.fini)
 .fini          0x08002f28        0x4 c:/program files (x86)/embitz/2.60/share/armgcc/bin/../lib/gcc/arm-none-eabi/9.3.1/thumb/v6-m/nofp/crti.o
                0x08002f28                _fini
 .fini          0x08002f2c        0x8 c:/program files (x86)/embitz/2.60/share/armgcc/bin/../lib/gcc/arm-none-eabi/9.3.1/thumb/v6-m/nofp/crtn.o
                0x08002f34                . = ALIGN (0x4)
                0x08002f34                _etext = .

.vfp11_veneer   0x08002f34        0x0
 .vfp11_veneer  0x08002f34        0x0 linker stubs

.v4_bx          0x08002f34        0x0
 .v4_bx         0x08002f34        0x0 linker stubs

.iplt           0x08002f34        0x0
 .iplt          0x08002f34        0x0 c:/program files (x86)/embitz/2.60/share/armgcc/bin/../lib/gcc/arm-none-eabi/9.3.1/thumb/v6-m/nofp/crtbegin.o

.rodata         0x08002f34      0x558
                0x08002f34                . = ALIGN (0x4)
 *(.rodata)
 .rodata        0x08002f34       0xcb .objs\src\main.o
 *(.rodata*)
 *fill*         0x08002fff        0x1 
 .rodata.CHANNEL_OFFSET_TAB
                0x08003000        0x5 .objs\src\io_stm32l0xx.o
 *fill*         0x08003005        0x3 
 .rodata.IOs    0x08003008       0x84 .objs\src\io_stm32l0xx.o
                0x08003008                IOs
 .rodata.IO_ADC_number
                0x0800308c        0x3 .objs\src\io_stm32l0xx.o
                0x0800308c                IO_ADC_number
 *fill*         0x0800308f        0x1 
 .rodata.crc_array
                0x08003090      0x100 .objs\src\main.o
                0x08003090                crc_array
 .rodata.termo_table
                0x08003190      0x298 .objs\src\ntc_sensor.o
                0x08003190                termo_table
 .rodata._global_impure_ptr
                0x08003428        0x4 c:/program files (x86)/embitz/2.60/share/armgcc/bin/../lib/gcc/arm-none-eabi/9.3.1/../../../../arm-none-eabi/lib/thumb/v6-m/nofp\libg_nano.a(lib_a-impure.o)
                0x08003428                _global_impure_ptr
 .rodata.__sf_fake_stderr
                0x0800342c       0x20 c:/program files (x86)/embitz/2.60/share/armgcc/bin/../lib/gcc/arm-none-eabi/9.3.1/../../../../arm-none-eabi/lib/thumb/v6-m/nofp\libg_nano.a(lib_a-findfp.o)
                0x0800342c                __sf_fake_stderr
 .rodata.__sf_fake_stdin
                0x0800344c       0x20 c:/program files (x86)/embitz/2.60/share/armgcc/bin/../lib/gcc/arm-none-eabi/9.3.1/../../../../arm-none-eabi/lib/thumb/v6-m/nofp\libg_nano.a(lib_a-findfp.o)
                0x0800344c                __sf_fake_stdin
 .rodata.__sf_fake_stdout
                0x0800346c       0x20 c:/program files (x86)/embitz/2.60/share/armgcc/bin/../lib/gcc/arm-none-eabi/9.3.1/../../../../arm-none-eabi/lib/thumb/v6-m/nofp\libg_nano.a(lib_a-findfp.o)
                0x0800346c                __sf_fake_stdout
                0x0800348c                . = ALIGN (0x4)

.ARM.extab
 *(.ARM.extab* .gnu.linkonce.armextab.*)

.ARM            0x0800348c        0x8
                0x0800348c                __exidx_start = .
 *(.ARM.exidx*)
 .ARM.exidx     0x0800348c        0x8 c:/program files (x86)/embitz/2.60/share/armgcc/bin/../lib/gcc/arm-none-eabi/9.3.1/thumb/v6-m/nofp\libgcc.a(_udivmoddi4.o)
                0x08003494                __exidx_end = .

.rel.dyn        0x08003494        0x0
 .rel.iplt      0x08003494        0x0 c:/program files (x86)/embitz/2.60/share/armgcc/bin/../lib/gcc/arm-none-eabi/9.3.1/thumb/v6-m/nofp/crtbegin.o

.preinit_array  0x08003494        0x0
                0x08003494                PROVIDE (__preinit_array_start = .)
 *(.preinit_array*)
                0x08003494                PROVIDE (__preinit_array_end = .)

.init_array     0x08003494        0x4
                0x08003494                PROVIDE (__init_array_start = .)
 *(SORT_BY_NAME(.init_array.*))
 *(.init_array*)
 .init_array    0x08003494        0x4 c:/program files (x86)/embitz/2.60/share/armgcc/bin/../lib/gcc/arm-none-eabi/9.3.1/thumb/v6-m/nofp/crtbegin.o
                0x08003498                PROVIDE (__init_array_end = .)

.fini_array     0x08003498        0x4
                [!provide]                PROVIDE (__fini_array_start = .)
 *(SORT_BY_NAME(.fini_array.*))
 *(.fini_array*)
 .fini_array    0x08003498        0x4 c:/program files (x86)/embitz/2.60/share/armgcc/bin/../lib/gcc/arm-none-eabi/9.3.1/thumb/v6-m/nofp/crtbegin.o
                [!provide]                PROVIDE (__fini_array_end = .)
                0x0800349c                _sidata = LOADADDR (.data)

.data           0x20000000       0x84 load address 0x0800349c
                0x20000000                . = ALIGN (0x4)
                0x20000000                _sdata = .
 *(.data)
 *(.data*)
 .data._eb_monitor_stdout
                0x20000000       0x10 .objs\src\ebmon.o
 .data._eb_monitor_stdin
                0x20000010       0x10 .objs\src\ebmon.o
 .data._impure_ptr
                0x20000020        0x4 c:/program files (x86)/embitz/2.60/share/armgcc/bin/../lib/gcc/arm-none-eabi/9.3.1/../../../../arm-none-eabi/lib/thumb/v6-m/nofp\libg_nano.a(lib_a-impure.o)
                0x20000020                _impure_ptr
 .data.impure_data
                0x20000024       0x60 c:/program files (x86)/embitz/2.60/share/armgcc/bin/../lib/gcc/arm-none-eabi/9.3.1/../../../../arm-none-eabi/lib/thumb/v6-m/nofp\libg_nano.a(lib_a-impure.o)
                0x20000084                . = ALIGN (0x4)
                0x20000084                _edata = .

.igot.plt       0x20000084        0x0 load address 0x08003520
 .igot.plt      0x20000084        0x0 c:/program files (x86)/embitz/2.60/share/armgcc/bin/../lib/gcc/arm-none-eabi/9.3.1/thumb/v6-m/nofp/crtbegin.o
                0x20000084                . = ALIGN (0x4)

.bss            0x20000084      0x218 load address 0x08003520
                0x20000084                _sbss = .
                0x20000084                __bss_start__ = _sbss
 *(.bss)
 .bss           0x20000084       0x1c c:/program files (x86)/embitz/2.60/share/armgcc/bin/../lib/gcc/arm-none-eabi/9.3.1/thumb/v6-m/nofp/crtbegin.o
 *(.bss*)
 .bss._stdout_buffer
                0x200000a0      0x100 .objs\src\ebmon.o
 .bss._stdin_buffer
                0x200001a0       0x40 .objs\src\ebmon.o
 .bss._eb_initialized
                0x200001e0        0x1 .objs\src\ebmon.o
 *fill*         0x200001e1        0x3 
 .bss.adc_value_v_mid
                0x200001e4        0x4 .objs\src\main.o
                0x200001e4                adc_value_v_mid
 .bss.adc_value_v_hi
                0x200001e8        0x4 .objs\src\main.o
                0x200001e8                adc_value_v_hi
 .bss.adc_average_v_mid
                0x200001ec        0x4 .objs\src\main.o
                0x200001ec                adc_average_v_mid
 .bss.adc_average_v_hi
                0x200001f0        0x4 .objs\src\main.o
                0x200001f0                adc_average_v_hi
 .bss.adc_value_temper
                0x200001f4        0x2 .objs\src\main.o
                0x200001f4                adc_value_temper
 *fill*         0x200001f6        0x2 
 .bss.adc_busy  0x200001f8        0x4 .objs\src\main.o
                0x200001f8                adc_busy
 .bss.adc_iteration_count
                0x200001fc        0x4 .objs\src\main.o
                0x200001fc                adc_iteration_count
 .bss.adc_threshold_start
                0x20000200        0x4 .objs\src\main.o
                0x20000200                adc_threshold_start
 .bss.address   0x20000204        0x4 .objs\src\main.o
                0x20000204                address
 .bss.mode      0x20000208        0x4 .objs\src\main.o
                0x20000208                mode
 .bss.Tick      0x2000020c        0x4 .objs\src\main.o
                0x2000020c                Tick
 .bss.tx_count  0x20000210        0x4 .objs\src\main.o
                0x20000210                tx_count
 .bss.uart_busy
                0x20000214        0x4 .objs\src\main.o
                0x20000214                uart_busy
 .bss.adc_state.11273
                0x20000218        0x4 .objs\src\main.o
 .bss.intermediate_t.11270
                0x2000021c        0x4 .objs\src\main.o
 .bss.intermediate_v_hi.11269
                0x20000220        0x4 .objs\src\main.o
 .bss.adc_sum_v_hi.11272
                0x20000224        0x4 .objs\src\main.o
 .bss.intermediate_v_mid.11268
                0x20000228        0x4 .objs\src\main.o
 .bss.adc_sum_v_mid.11271
                0x2000022c        0x4 .objs\src\main.o
 .bss.v_hi_threshold_hi.11306
                0x20000230        0x4 .objs\src\main.o
 .bss.uart_state.11310
                0x20000234        0x4 .objs\src\main.o
 .bss.__malloc_free_list
                0x20000238        0x4 c:/program files (x86)/embitz/2.60/share/armgcc/bin/../lib/gcc/arm-none-eabi/9.3.1/../../../../arm-none-eabi/lib/thumb/v6-m/nofp\libg_nano.a(lib_a-nano-mallocr.o)
                0x20000238                __malloc_free_list
 .bss.__malloc_sbrk_start
                0x2000023c        0x4 c:/program files (x86)/embitz/2.60/share/armgcc/bin/../lib/gcc/arm-none-eabi/9.3.1/../../../../arm-none-eabi/lib/thumb/v6-m/nofp\libg_nano.a(lib_a-nano-mallocr.o)
                0x2000023c                __malloc_sbrk_start
 .bss.heap_end.4144
                0x20000240        0x4 c:/program files (x86)/embitz/2.60/share/armgcc/bin/../lib/gcc/arm-none-eabi/9.3.1/../../../../arm-none-eabi/lib/thumb/v6-m/nofp\libnosys.a(sbrk.o)
 *(COMMON)
 COMMON         0x20000244        0x6 .objs\src\io_stm32l0xx.o
                0x20000244                adc_data
 *fill*         0x2000024a        0x2 
 COMMON         0x2000024c       0x40 .objs\src\main.o
                0x2000024c                uart_delay
                0x20000250                adc_filtered
                0x2000025c                print_delay
                0x20000260                uart_buffer
                0x20000280                test
                0x20000284                tx_index
                0x20000288                adc_delay
 COMMON         0x2000028c        0x9 c:/program files (x86)/embitz/2.60/share/armgcc/bin/../lib/gcc/arm-none-eabi/9.3.1/../../../../arm-none-eabi/lib/thumb/v6-m/nofp\libg_nano.a(lib_a-lock.o)
                0x2000028c                __lock___atexit_recursive_mutex
                0x2000028d                __lock___arc4random_mutex
                0x2000028e                __lock___env_recursive_mutex
                0x2000028f                __lock___sinit_recursive_mutex
                0x20000290                __lock___malloc_recursive_mutex
                0x20000291                __lock___at_quick_exit_mutex
                0x20000292                __lock___dd_hash_mutex
                0x20000293                __lock___tz_mutex
                0x20000294                __lock___sfp_recursive_mutex
 *fill*         0x20000295        0x3 
 COMMON         0x20000298        0x4 c:/program files (x86)/embitz/2.60/share/armgcc/bin/../lib/gcc/arm-none-eabi/9.3.1/../../../../arm-none-eabi/lib/thumb/v6-m/nofp\libg_nano.a(lib_a-reent.o)
                0x20000298                errno
                0x2000029c                . = ALIGN (0x4)
                0x2000029c                _ebss = .
                0x2000029c                __bss_end__ = _ebss

.heap           0x2000029c        0x0 load address 0x08003520
                0x2000029c                . = ALIGN (0x4)
                0x2000029c                PROVIDE (end = .)
                [!provide]                PROVIDE (_end = .)
 *(.heap*)
                0x2000029c                . = (. + _Min_Heap_Size)
                0x2000029c                __HeapLimit = .
                0x2000029c                . = ALIGN (0x4)

.ARM.attributes
                0x00000000       0x28
 *(.ARM.attributes)
 .ARM.attributes
                0x00000000       0x1e c:/program files (x86)/embitz/2.60/share/armgcc/bin/../lib/gcc/arm-none-eabi/9.3.1/thumb/v6-m/nofp/crti.o
 .ARM.attributes
                0x0000001e       0x2c c:/program files (x86)/embitz/2.60/share/armgcc/bin/../lib/gcc/arm-none-eabi/9.3.1/thumb/v6-m/nofp/crtbegin.o
 .ARM.attributes
                0x0000004a       0x22 .objs\src\startup_stm32l010x4.o
 .ARM.attributes
                0x0000006c       0x2c .objs\src\clock_l0xx.o
 .ARM.attributes
                0x00000098       0x2c .objs\src\ebmon.o
 .ARM.attributes
                0x000000c4       0x2c .objs\src\io_stm32l0xx.o
 .ARM.attributes
                0x000000f0       0x2c .objs\src\main.o
 .ARM.attributes
                0x0000011c       0x2c .objs\src\ntc_sensor.o
 .ARM.attributes
                0x00000148       0x2c .objs\src\system_stm32l0xx.o
 .ARM.attributes
                0x00000174       0x1e c:/program files (x86)/embitz/2.60/share/armgcc/bin/../lib/gcc/arm-none-eabi/9.3.1/thumb/v6-m/nofp\libgcc.a(_udivsi3.o)
 .ARM.attributes
                0x00000192       0x1e c:/program files (x86)/embitz/2.60/share/armgcc/bin/../lib/gcc/arm-none-eabi/9.3.1/thumb/v6-m/nofp\libgcc.a(_divsi3.o)
 .ARM.attributes
                0x000001b0       0x1e c:/program files (x86)/embitz/2.60/share/armgcc/bin/../lib/gcc/arm-none-eabi/9.3.1/thumb/v6-m/nofp\libgcc.a(_dvmd_tls.o)
 .ARM.attributes
                0x000001ce       0x1e c:/program files (x86)/embitz/2.60/share/armgcc/bin/../lib/gcc/arm-none-eabi/9.3.1/thumb/v6-m/nofp\libgcc.a(_aeabi_uldivmod.o)
 .ARM.attributes
                0x000001ec       0x2c c:/program files (x86)/embitz/2.60/share/armgcc/bin/../lib/gcc/arm-none-eabi/9.3.1/thumb/v6-m/nofp\libgcc.a(_udivmoddi4.o)
 .ARM.attributes
                0x00000218       0x1e c:/program files (x86)/embitz/2.60/share/armgcc/bin/../lib/gcc/arm-none-eabi/9.3.1/thumb/v6-m/nofp\libgcc.a(_clzdi2.o)
 .ARM.attributes
                0x00000236       0x1e c:/program files (x86)/embitz/2.60/share/armgcc/bin/../lib/gcc/arm-none-eabi/9.3.1/thumb/v6-m/nofp\libgcc.a(_clzsi2.o)
 .ARM.attributes
                0x00000254       0x2c c:/program files (x86)/embitz/2.60/share/armgcc/bin/../lib/gcc/arm-none-eabi/9.3.1/../../../../arm-none-eabi/lib/thumb/v6-m/nofp\libg_nano.a(lib_a-impure.o)
 .ARM.attributes
                0x00000280       0x2c c:/program files (x86)/embitz/2.60/share/armgcc/bin/../lib/gcc/arm-none-eabi/9.3.1/../../../../arm-none-eabi/lib/thumb/v6-m/nofp\libg_nano.a(lib_a-memset.o)
 .ARM.attributes
                0x000002ac       0x2c c:/program files (x86)/embitz/2.60/share/armgcc/bin/../lib/gcc/arm-none-eabi/9.3.1/../../../../arm-none-eabi/lib/thumb/v6-m/nofp\libg_nano.a(lib_a-puts.o)
 .ARM.attributes
                0x000002d8       0x2c c:/program files (x86)/embitz/2.60/share/armgcc/bin/../lib/gcc/arm-none-eabi/9.3.1/../../../../arm-none-eabi/lib/thumb/v6-m/nofp\libg_nano.a(lib_a-wbuf.o)
 .ARM.attributes
                0x00000304       0x2c c:/program files (x86)/embitz/2.60/share/armgcc/bin/../lib/gcc/arm-none-eabi/9.3.1/../../../../arm-none-eabi/lib/thumb/v6-m/nofp\libg_nano.a(lib_a-wsetup.o)
 .ARM.attributes
                0x00000330       0x2c c:/program files (x86)/embitz/2.60/share/armgcc/bin/../lib/gcc/arm-none-eabi/9.3.1/../../../../arm-none-eabi/lib/thumb/v6-m/nofp\libg_nano.a(lib_a-fflush.o)
 .ARM.attributes
                0x0000035c       0x2c c:/program files (x86)/embitz/2.60/share/armgcc/bin/../lib/gcc/arm-none-eabi/9.3.1/../../../../arm-none-eabi/lib/thumb/v6-m/nofp\libg_nano.a(lib_a-findfp.o)
 .ARM.attributes
                0x00000388       0x2c c:/program files (x86)/embitz/2.60/share/armgcc/bin/../lib/gcc/arm-none-eabi/9.3.1/../../../../arm-none-eabi/lib/thumb/v6-m/nofp\libg_nano.a(lib_a-fwalk.o)
 .ARM.attributes
                0x000003b4       0x2c c:/program files (x86)/embitz/2.60/share/armgcc/bin/../lib/gcc/arm-none-eabi/9.3.1/../../../../arm-none-eabi/lib/thumb/v6-m/nofp\libg_nano.a(lib_a-lock.o)
 .ARM.attributes
                0x000003e0       0x2c c:/program files (x86)/embitz/2.60/share/armgcc/bin/../lib/gcc/arm-none-eabi/9.3.1/../../../../arm-none-eabi/lib/thumb/v6-m/nofp\libg_nano.a(lib_a-makebuf.o)
 .ARM.attributes
                0x0000040c       0x2c c:/program files (x86)/embitz/2.60/share/armgcc/bin/../lib/gcc/arm-none-eabi/9.3.1/../../../../arm-none-eabi/lib/thumb/v6-m/nofp\libg_nano.a(lib_a-nano-freer.o)
 .ARM.attributes
                0x00000438       0x2c c:/program files (x86)/embitz/2.60/share/armgcc/bin/../lib/gcc/arm-none-eabi/9.3.1/../../../../arm-none-eabi/lib/thumb/v6-m/nofp\libg_nano.a(lib_a-nano-mallocr.o)
 .ARM.attributes
                0x00000464       0x2c c:/program files (x86)/embitz/2.60/share/armgcc/bin/../lib/gcc/arm-none-eabi/9.3.1/../../../../arm-none-eabi/lib/thumb/v6-m/nofp\libg_nano.a(lib_a-sbrkr.o)
 .ARM.attributes
                0x00000490       0x2c c:/program files (x86)/embitz/2.60/share/armgcc/bin/../lib/gcc/arm-none-eabi/9.3.1/../../../../arm-none-eabi/lib/thumb/v6-m/nofp\libg_nano.a(lib_a-stdio.o)
 .ARM.attributes
                0x000004bc       0x2c c:/program files (x86)/embitz/2.60/share/armgcc/bin/../lib/gcc/arm-none-eabi/9.3.1/../../../../arm-none-eabi/lib/thumb/v6-m/nofp\libg_nano.a(lib_a-writer.o)
 .ARM.attributes
                0x000004e8       0x2c c:/program files (x86)/embitz/2.60/share/armgcc/bin/../lib/gcc/arm-none-eabi/9.3.1/../../../../arm-none-eabi/lib/thumb/v6-m/nofp\libg_nano.a(lib_a-closer.o)
 .ARM.attributes
                0x00000514       0x2c c:/program files (x86)/embitz/2.60/share/armgcc/bin/../lib/gcc/arm-none-eabi/9.3.1/../../../../arm-none-eabi/lib/thumb/v6-m/nofp\libg_nano.a(lib_a-fstatr.o)
 .ARM.attributes
                0x00000540       0x2c c:/program files (x86)/embitz/2.60/share/armgcc/bin/../lib/gcc/arm-none-eabi/9.3.1/../../../../arm-none-eabi/lib/thumb/v6-m/nofp\libg_nano.a(lib_a-isattyr.o)
 .ARM.attributes
                0x0000056c       0x2c c:/program files (x86)/embitz/2.60/share/armgcc/bin/../lib/gcc/arm-none-eabi/9.3.1/../../../../arm-none-eabi/lib/thumb/v6-m/nofp\libg_nano.a(lib_a-lseekr.o)
 .ARM.attributes
                0x00000598       0x2c c:/program files (x86)/embitz/2.60/share/armgcc/bin/../lib/gcc/arm-none-eabi/9.3.1/../../../../arm-none-eabi/lib/thumb/v6-m/nofp\libg_nano.a(lib_a-mlock.o)
 .ARM.attributes
                0x000005c4       0x2c c:/program files (x86)/embitz/2.60/share/armgcc/bin/../lib/gcc/arm-none-eabi/9.3.1/../../../../arm-none-eabi/lib/thumb/v6-m/nofp\libg_nano.a(lib_a-readr.o)
 .ARM.attributes
                0x000005f0       0x2c c:/program files (x86)/embitz/2.60/share/armgcc/bin/../lib/gcc/arm-none-eabi/9.3.1/../../../../arm-none-eabi/lib/thumb/v6-m/nofp\libg_nano.a(lib_a-reent.o)
 .ARM.attributes
                0x0000061c       0x2c c:/program files (x86)/embitz/2.60/share/armgcc/bin/../lib/gcc/arm-none-eabi/9.3.1/../../../../arm-none-eabi/lib/thumb/v6-m/nofp\libnosys.a(close.o)
 .ARM.attributes
                0x00000648       0x2c c:/program files (x86)/embitz/2.60/share/armgcc/bin/../lib/gcc/arm-none-eabi/9.3.1/../../../../arm-none-eabi/lib/thumb/v6-m/nofp\libnosys.a(fstat.o)
 .ARM.attributes
                0x00000674       0x2c c:/program files (x86)/embitz/2.60/share/armgcc/bin/../lib/gcc/arm-none-eabi/9.3.1/../../../../arm-none-eabi/lib/thumb/v6-m/nofp\libnosys.a(isatty.o)
 .ARM.attributes
                0x000006a0       0x2c c:/program files (x86)/embitz/2.60/share/armgcc/bin/../lib/gcc/arm-none-eabi/9.3.1/../../../../arm-none-eabi/lib/thumb/v6-m/nofp\libnosys.a(lseek.o)
 .ARM.attributes
                0x000006cc       0x2c c:/program files (x86)/embitz/2.60/share/armgcc/bin/../lib/gcc/arm-none-eabi/9.3.1/../../../../arm-none-eabi/lib/thumb/v6-m/nofp\libnosys.a(sbrk.o)
 .ARM.attributes
                0x000006f8       0x1e c:/program files (x86)/embitz/2.60/share/armgcc/bin/../lib/gcc/arm-none-eabi/9.3.1/thumb/v6-m/nofp/crtn.o
                0x20000700                __StackLimit = (_estack - _Min_Stack_Size)
                0x00000001                ASSERT ((__StackLimit >= __HeapLimit), Region RAM overflowed with stack)
LOAD .objs\src\startup_stm32l010x4.o
LOAD .objs\ll\src\stm32l0xx_ll_adc.o
LOAD .objs\ll\src\stm32l0xx_ll_comp.o
LOAD .objs\ll\src\stm32l0xx_ll_crc.o
LOAD .objs\ll\src\stm32l0xx_ll_crs.o
LOAD .objs\ll\src\stm32l0xx_ll_dac.o
LOAD .objs\ll\src\stm32l0xx_ll_dma.o
LOAD .objs\ll\src\stm32l0xx_ll_exti.o
LOAD .objs\ll\src\stm32l0xx_ll_gpio.o
LOAD .objs\ll\src\stm32l0xx_ll_i2c.o
LOAD .objs\ll\src\stm32l0xx_ll_lptim.o
LOAD .objs\ll\src\stm32l0xx_ll_lpuart.o
LOAD .objs\ll\src\stm32l0xx_ll_pwr.o
LOAD .objs\ll\src\stm32l0xx_ll_rcc.o
LOAD .objs\ll\src\stm32l0xx_ll_rng.o
LOAD .objs\ll\src\stm32l0xx_ll_rtc.o
LOAD .objs\ll\src\stm32l0xx_ll_spi.o
LOAD .objs\ll\src\stm32l0xx_ll_tim.o
LOAD .objs\ll\src\stm32l0xx_ll_usart.o
LOAD .objs\ll\src\stm32l0xx_ll_utils.o
LOAD .objs\src\clock_l0xx.o
LOAD .objs\src\ebmon.o
LOAD .objs\src\io_stm32l0xx.o
LOAD .objs\src\main.o
LOAD .objs\src\ntc_sensor.o
LOAD .objs\ll\inc\stm32l0xx_ll_bus.o
LOAD .objs\src\system_stm32l0xx.o
START GROUP
LOAD c:/program files (x86)/embitz/2.60/share/armgcc/bin/../lib/gcc/arm-none-eabi/9.3.1/thumb/v6-m/nofp\libgcc.a
LOAD c:/program files (x86)/embitz/2.60/share/armgcc/bin/../lib/gcc/arm-none-eabi/9.3.1/../../../../arm-none-eabi/lib/thumb/v6-m/nofp\libg_nano.a
LOAD c:/program files (x86)/embitz/2.60/share/armgcc/bin/../lib/gcc/arm-none-eabi/9.3.1/../../../../arm-none-eabi/lib/thumb/v6-m/nofp\libc_nano.a
END GROUP
START GROUP
LOAD c:/program files (x86)/embitz/2.60/share/armgcc/bin/../lib/gcc/arm-none-eabi/9.3.1/thumb/v6-m/nofp\libgcc.a
LOAD c:/program files (x86)/embitz/2.60/share/armgcc/bin/../lib/gcc/arm-none-eabi/9.3.1/../../../../arm-none-eabi/lib/thumb/v6-m/nofp\libc_nano.a
LOAD c:/program files (x86)/embitz/2.60/share/armgcc/bin/../lib/gcc/arm-none-eabi/9.3.1/../../../../arm-none-eabi/lib/thumb/v6-m/nofp\libnosys.a
END GROUP
START GROUP
LOAD c:/program files (x86)/embitz/2.60/share/armgcc/bin/../lib/gcc/arm-none-eabi/9.3.1/thumb/v6-m/nofp\libgcc.a
LOAD c:/program files (x86)/embitz/2.60/share/armgcc/bin/../lib/gcc/arm-none-eabi/9.3.1/../../../../arm-none-eabi/lib/thumb/v6-m/nofp\libc_nano.a
LOAD c:/program files (x86)/embitz/2.60/share/armgcc/bin/../lib/gcc/arm-none-eabi/9.3.1/../../../../arm-none-eabi/lib/thumb/v6-m/nofp\libnosys.a
END GROUP
LOAD c:/program files (x86)/embitz/2.60/share/armgcc/bin/../lib/gcc/arm-none-eabi/9.3.1/thumb/v6-m/nofp/crtend.o
LOAD c:/program files (x86)/embitz/2.60/share/armgcc/bin/../lib/gcc/arm-none-eabi/9.3.1/thumb/v6-m/nofp/crtn.o
OUTPUT(Diagnostic_board.ebp elf32-littlearm)
LOAD linker stubs

.debug_line     0x00000000     0x2d65
 .debug_line    0x00000000       0x8f .objs\src\startup_stm32l010x4.o
 .debug_line    0x0000008f      0x6bc .objs\src\clock_l0xx.o
 .debug_line    0x0000074b      0x439 .objs\src\ebmon.o
 .debug_line    0x00000b84      0xc03 .objs\src\io_stm32l0xx.o
 .debug_line    0x00001787      0xf17 .objs\src\main.o
 .debug_line    0x0000269e      0x375 .objs\src\ntc_sensor.o
 .debug_line    0x00002a13      0x352 .objs\src\system_stm32l0xx.o

.debug_info     0x00000000     0x4bcd
 .debug_info    0x00000000       0x22 .objs\src\startup_stm32l010x4.o
 .debug_info    0x00000022      0x59a .objs\src\clock_l0xx.o
 .debug_info    0x000005bc      0xb3b .objs\src\ebmon.o
 .debug_info    0x000010f7     0x1226 .objs\src\io_stm32l0xx.o
 .debug_info    0x0000231d     0x1a66 .objs\src\main.o
 .debug_info    0x00003d83      0xa98 .objs\src\ntc_sensor.o
 .debug_info    0x0000481b      0x3b2 .objs\src\system_stm32l0xx.o

.debug_abbrev   0x00000000      0xed6
 .debug_abbrev  0x00000000       0x12 .objs\src\startup_stm32l010x4.o
 .debug_abbrev  0x00000012      0x179 .objs\src\clock_l0xx.o
 .debug_abbrev  0x0000018b      0x2ad .objs\src\ebmon.o
 .debug_abbrev  0x00000438      0x2e7 .objs\src\io_stm32l0xx.o
 .debug_abbrev  0x0000071f      0x491 .objs\src\main.o
 .debug_abbrev  0x00000bb0      0x210 .objs\src\ntc_sensor.o
 .debug_abbrev  0x00000dc0      0x116 .objs\src\system_stm32l0xx.o

.debug_aranges  0x00000000      0x3d8
 .debug_aranges
                0x00000000       0x28 .objs\src\startup_stm32l010x4.o
 .debug_aranges
                0x00000028       0x98 .objs\src\clock_l0xx.o
 .debug_aranges
                0x000000c0       0x40 .objs\src\ebmon.o
 .debug_aranges
                0x00000100      0x158 .objs\src\io_stm32l0xx.o
 .debug_aranges
                0x00000258      0x138 .objs\src\main.o
 .debug_aranges
                0x00000390       0x20 .objs\src\ntc_sensor.o
 .debug_aranges
                0x000003b0       0x28 .objs\src\system_stm32l0xx.o

.debug_str      0x00000000    0x461ea
 .debug_str     0x00000000       0x5d .objs\src\startup_stm32l010x4.o
 .debug_str     0x0000005d    0x40fdd .objs\src\clock_l0xx.o
                              0x4121d (size before relaxing)
 .debug_str     0x0004103a     0x3eda .objs\src\ebmon.o
                               0x7c08 (size before relaxing)
 .debug_str     0x00044f14      0xc3f .objs\src\io_stm32l0xx.o
                              0x41d87 (size before relaxing)
 .debug_str     0x00045b53      0x52b .objs\src\main.o
                              0x45d0d (size before relaxing)
 .debug_str     0x0004607e       0xde .objs\src\ntc_sensor.o
                               0x72b8 (size before relaxing)
 .debug_str     0x0004615c       0x8e .objs\src\system_stm32l0xx.o
                              0x2f270 (size before relaxing)

.debug_ranges   0x00000000      0x370
 .debug_ranges  0x00000000       0x20 .objs\src\startup_stm32l010x4.o
 .debug_ranges  0x00000020       0x88 .objs\src\clock_l0xx.o
 .debug_ranges  0x000000a8       0x30 .objs\src\ebmon.o
 .debug_ranges  0x000000d8      0x148 .objs\src\io_stm32l0xx.o
 .debug_ranges  0x00000220      0x128 .objs\src\main.o
 .debug_ranges  0x00000348       0x10 .objs\src\ntc_sensor.o
 .debug_ranges  0x00000358       0x18 .objs\src\system_stm32l0xx.o

.debug_macro    0x00000000     0x3e52
 .debug_macro   0x00000000      0x1d3 .objs\src\clock_l0xx.o
 .debug_macro   0x000001d3       0x40 .objs\src\clock_l0xx.o
 .debug_macro   0x00000213      0x6a9 .objs\src\clock_l0xx.o
 .debug_macro   0x000008bc       0x5f .objs\src\clock_l0xx.o
 .debug_macro   0x0000091b      0x285 .objs\src\clock_l0xx.o
 .debug_macro   0x00000ba0       0xeb .objs\src\clock_l0xx.o
 .debug_macro   0x00000c8b      0x12d .objs\src\clock_l0xx.o
 .debug_macro   0x00000db8      0x246 .objs\src\clock_l0xx.o
 .debug_macro   0x00000ffe       0x6a .objs\src\clock_l0xx.o
 .debug_macro   0x00001068      0x1a0 .objs\src\clock_l0xx.o
 .debug_macro   0x00001208      0x224 .objs\src\clock_l0xx.o
 .debug_macro   0x0000142c      0x40c .objs\src\clock_l0xx.o
 .debug_macro   0x00001838      0x124 .objs\src\clock_l0xx.o
 .debug_macro   0x0000195c      0x576 .objs\src\clock_l0xx.o
 .debug_macro   0x00001ed2      0x2f7 .objs\src\clock_l0xx.o
 .debug_macro   0x000021c9       0x34 .objs\src\clock_l0xx.o
 .debug_macro   0x000021fd       0x22 .objs\src\clock_l0xx.o
 .debug_macro   0x0000221f       0x94 .objs\src\clock_l0xx.o
 .debug_macro   0x000022b3      0x1ce .objs\src\ebmon.o
 .debug_macro   0x00002481       0x64 .objs\src\ebmon.o
 .debug_macro   0x000024e5       0x18 .objs\src\ebmon.o
 .debug_macro   0x000024fd       0x35 .objs\src\ebmon.o
 .debug_macro   0x00002532       0x34 .objs\src\ebmon.o
 .debug_macro   0x00002566       0x16 .objs\src\ebmon.o
 .debug_macro   0x0000257c       0x97 .objs\src\ebmon.o
 .debug_macro   0x00002613      0x339 .objs\src\ebmon.o
 .debug_macro   0x0000294c       0xfd .objs\src\ebmon.o
 .debug_macro   0x00002a49       0x10 .objs\src\ebmon.o
 .debug_macro   0x00002a59       0x16 .objs\src\ebmon.o
 .debug_macro   0x00002a6f       0x43 .objs\src\ebmon.o
 .debug_macro   0x00002ab2       0x34 .objs\src\ebmon.o
 .debug_macro   0x00002ae6       0x10 .objs\src\ebmon.o
 .debug_macro   0x00002af6       0x58 .objs\src\ebmon.o
 .debug_macro   0x00002b4e      0x182 .objs\src\ebmon.o
 .debug_macro   0x00002cd0       0x10 .objs\src\ebmon.o
 .debug_macro   0x00002ce0       0x1c .objs\src\ebmon.o
 .debug_macro   0x00002cfc       0x52 .objs\src\ebmon.o
 .debug_macro   0x00002d4e       0x22 .objs\src\ebmon.o
 .debug_macro   0x00002d70       0x10 .objs\src\ebmon.o
 .debug_macro   0x00002d80       0x40 .objs\src\ebmon.o
 .debug_macro   0x00002dc0       0xd5 .objs\src\ebmon.o
 .debug_macro   0x00002e95       0x1c .objs\src\ebmon.o
 .debug_macro   0x00002eb1       0x3d .objs\src\ebmon.o
 .debug_macro   0x00002eee       0x16 .objs\src\ebmon.o
 .debug_macro   0x00002f04      0x16f .objs\src\ebmon.o
 .debug_macro   0x00003073      0x1f1 .objs\src\io_stm32l0xx.o
 .debug_macro   0x00003264       0x22 .objs\src\io_stm32l0xx.o
 .debug_macro   0x00003286       0xe2 .objs\src\io_stm32l0xx.o
 .debug_macro   0x00003368      0x362 .objs\src\main.o
 .debug_macro   0x000036ca      0x333 .objs\src\main.o
 .debug_macro   0x000039fd       0x16 .objs\src\main.o
 .debug_macro   0x00003a13       0x35 .objs\src\main.o
 .debug_macro   0x00003a48       0x28 .objs\src\main.o
 .debug_macro   0x00003a70      0x1a5 .objs\src\ntc_sensor.o
 .debug_macro   0x00003c15       0x5e .objs\src\ntc_sensor.o
 .debug_macro   0x00003c73       0x94 .objs\src\ntc_sensor.o
 .debug_macro   0x00003d07       0x57 .objs\src\ntc_sensor.o
 .debug_macro   0x00003d5e       0x22 .objs\src\ntc_sensor.o
 .debug_macro   0x00003d80       0xd2 .objs\src\system_stm32l0xx.o

.comment        0x00000000       0x4c
 .comment       0x00000000       0x4c .objs\src\clock_l0xx.o
                                 0x4d (size before relaxing)
 .comment       0x0000004c       0x4d .objs\src\ebmon.o
 .comment       0x0000004c       0x4d .objs\src\io_stm32l0xx.o
 .comment       0x0000004c       0x4d .objs\src\main.o
 .comment       0x0000004c       0x4d .objs\src\ntc_sensor.o
 .comment       0x0000004c       0x4d .objs\src\system_stm32l0xx.o

.debug_frame    0x00000000     0x1464
 .debug_frame   0x00000000      0x1f0 .objs\src\clock_l0xx.o
 .debug_frame   0x000001f0       0xa8 .objs\src\ebmon.o
 .debug_frame   0x00000298      0x514 .objs\src\io_stm32l0xx.o
 .debug_frame   0x000007ac      0x468 .objs\src\main.o
 .debug_frame   0x00000c14       0x34 .objs\src\ntc_sensor.o
 .debug_frame   0x00000c48       0x4c .objs\src\system_stm32l0xx.o
 .debug_frame   0x00000c94       0x20 c:/program files (x86)/embitz/2.60/share/armgcc/bin/../lib/gcc/arm-none-eabi/9.3.1/thumb/v6-m/nofp\libgcc.a(_udivsi3.o)
 .debug_frame   0x00000cb4       0x20 c:/program files (x86)/embitz/2.60/share/armgcc/bin/../lib/gcc/arm-none-eabi/9.3.1/thumb/v6-m/nofp\libgcc.a(_divsi3.o)
 .debug_frame   0x00000cd4       0x3c c:/program files (x86)/embitz/2.60/share/armgcc/bin/../lib/gcc/arm-none-eabi/9.3.1/thumb/v6-m/nofp\libgcc.a(_udivmoddi4.o)
 .debug_frame   0x00000d10       0x20 c:/program files (x86)/embitz/2.60/share/armgcc/bin/../lib/gcc/arm-none-eabi/9.3.1/../../../../arm-none-eabi/lib/thumb/v6-m/nofp\libg_nano.a(lib_a-memset.o)
 .debug_frame   0x00000d30       0x44 c:/program files (x86)/embitz/2.60/share/armgcc/bin/../lib/gcc/arm-none-eabi/9.3.1/../../../../arm-none-eabi/lib/thumb/v6-m/nofp\libg_nano.a(lib_a-puts.o)
 .debug_frame   0x00000d74       0x48 c:/program files (x86)/embitz/2.60/share/armgcc/bin/../lib/gcc/arm-none-eabi/9.3.1/../../../../arm-none-eabi/lib/thumb/v6-m/nofp\libg_nano.a(lib_a-wbuf.o)
 .debug_frame   0x00000dbc       0x2c c:/program files (x86)/embitz/2.60/share/armgcc/bin/../lib/gcc/arm-none-eabi/9.3.1/../../../../arm-none-eabi/lib/thumb/v6-m/nofp\libg_nano.a(lib_a-wsetup.o)
 .debug_frame   0x00000de8       0x68 c:/program files (x86)/embitz/2.60/share/armgcc/bin/../lib/gcc/arm-none-eabi/9.3.1/../../../../arm-none-eabi/lib/thumb/v6-m/nofp\libg_nano.a(lib_a-fflush.o)
 .debug_frame   0x00000e50      0x170 c:/program files (x86)/embitz/2.60/share/armgcc/bin/../lib/gcc/arm-none-eabi/9.3.1/../../../../arm-none-eabi/lib/thumb/v6-m/nofp\libg_nano.a(lib_a-findfp.o)
 .debug_frame   0x00000fc0       0x58 c:/program files (x86)/embitz/2.60/share/armgcc/bin/../lib/gcc/arm-none-eabi/9.3.1/../../../../arm-none-eabi/lib/thumb/v6-m/nofp\libg_nano.a(lib_a-fwalk.o)
 .debug_frame   0x00001018       0xb0 c:/program files (x86)/embitz/2.60/share/armgcc/bin/../lib/gcc/arm-none-eabi/9.3.1/../../../../arm-none-eabi/lib/thumb/v6-m/nofp\libg_nano.a(lib_a-lock.o)
 .debug_frame   0x000010c8       0x54 c:/program files (x86)/embitz/2.60/share/armgcc/bin/../lib/gcc/arm-none-eabi/9.3.1/../../../../arm-none-eabi/lib/thumb/v6-m/nofp\libg_nano.a(lib_a-makebuf.o)
 .debug_frame   0x0000111c       0x2c c:/program files (x86)/embitz/2.60/share/armgcc/bin/../lib/gcc/arm-none-eabi/9.3.1/../../../../arm-none-eabi/lib/thumb/v6-m/nofp\libg_nano.a(lib_a-nano-freer.o)
 .debug_frame   0x00001148       0x30 c:/program files (x86)/embitz/2.60/share/armgcc/bin/../lib/gcc/arm-none-eabi/9.3.1/../../../../arm-none-eabi/lib/thumb/v6-m/nofp\libg_nano.a(lib_a-nano-mallocr.o)
 .debug_frame   0x00001178       0x2c c:/program files (x86)/embitz/2.60/share/armgcc/bin/../lib/gcc/arm-none-eabi/9.3.1/../../../../arm-none-eabi/lib/thumb/v6-m/nofp\libg_nano.a(lib_a-sbrkr.o)
 .debug_frame   0x000011a4       0x90 c:/program files (x86)/embitz/2.60/share/armgcc/bin/../lib/gcc/arm-none-eabi/9.3.1/../../../../arm-none-eabi/lib/thumb/v6-m/nofp\libg_nano.a(lib_a-stdio.o)
 .debug_frame   0x00001234       0x2c c:/program files (x86)/embitz/2.60/share/armgcc/bin/../lib/gcc/arm-none-eabi/9.3.1/../../../../arm-none-eabi/lib/thumb/v6-m/nofp\libg_nano.a(lib_a-writer.o)
 .debug_frame   0x00001260       0x2c c:/program files (x86)/embitz/2.60/share/armgcc/bin/../lib/gcc/arm-none-eabi/9.3.1/../../../../arm-none-eabi/lib/thumb/v6-m/nofp\libg_nano.a(lib_a-closer.o)
 .debug_frame   0x0000128c       0x2c c:/program files (x86)/embitz/2.60/share/armgcc/bin/../lib/gcc/arm-none-eabi/9.3.1/../../../../arm-none-eabi/lib/thumb/v6-m/nofp\libg_nano.a(lib_a-fstatr.o)
 .debug_frame   0x000012b8       0x2c c:/program files (x86)/embitz/2.60/share/armgcc/bin/../lib/gcc/arm-none-eabi/9.3.1/../../../../arm-none-eabi/lib/thumb/v6-m/nofp\libg_nano.a(lib_a-isattyr.o)
 .debug_frame   0x000012e4       0x2c c:/program files (x86)/embitz/2.60/share/armgcc/bin/../lib/gcc/arm-none-eabi/9.3.1/../../../../arm-none-eabi/lib/thumb/v6-m/nofp\libg_nano.a(lib_a-lseekr.o)
 .debug_frame   0x00001310       0x40 c:/program files (x86)/embitz/2.60/share/armgcc/bin/../lib/gcc/arm-none-eabi/9.3.1/../../../../arm-none-eabi/lib/thumb/v6-m/nofp\libg_nano.a(lib_a-mlock.o)
 .debug_frame   0x00001350       0x2c c:/program files (x86)/embitz/2.60/share/armgcc/bin/../lib/gcc/arm-none-eabi/9.3.1/../../../../arm-none-eabi/lib/thumb/v6-m/nofp\libg_nano.a(lib_a-readr.o)
 .debug_frame   0x0000137c       0x48 c:/program files (x86)/embitz/2.60/share/armgcc/bin/../lib/gcc/arm-none-eabi/9.3.1/../../../../arm-none-eabi/lib/thumb/v6-m/nofp\libg_nano.a(lib_a-reent.o)
 .debug_frame   0x000013c4       0x20 c:/program files (x86)/embitz/2.60/share/armgcc/bin/../lib/gcc/arm-none-eabi/9.3.1/../../../../arm-none-eabi/lib/thumb/v6-m/nofp\libnosys.a(close.o)
 .debug_frame   0x000013e4       0x20 c:/program files (x86)/embitz/2.60/share/armgcc/bin/../lib/gcc/arm-none-eabi/9.3.1/../../../../arm-none-eabi/lib/thumb/v6-m/nofp\libnosys.a(fstat.o)
 .debug_frame   0x00001404       0x20 c:/program files (x86)/embitz/2.60/share/armgcc/bin/../lib/gcc/arm-none-eabi/9.3.1/../../../../arm-none-eabi/lib/thumb/v6-m/nofp\libnosys.a(isatty.o)
 .debug_frame   0x00001424       0x20 c:/program files (x86)/embitz/2.60/share/armgcc/bin/../lib/gcc/arm-none-eabi/9.3.1/../../../../arm-none-eabi/lib/thumb/v6-m/nofp\libnosys.a(lseek.o)
 .debug_frame   0x00001444       0x20 c:/program files (x86)/embitz/2.60/share/armgcc/bin/../lib/gcc/arm-none-eabi/9.3.1/../../../../arm-none-eabi/lib/thumb/v6-m/nofp\libnosys.a(sbrk.o)

.stab           0x00000000       0x6c
 .stab          0x00000000       0x24 c:/program files (x86)/embitz/2.60/share/armgcc/bin/../lib/gcc/arm-none-eabi/9.3.1/../../../../arm-none-eabi/lib/thumb/v6-m/nofp\libnosys.a(close.o)
 .stab          0x00000024       0x18 c:/program files (x86)/embitz/2.60/share/armgcc/bin/../lib/gcc/arm-none-eabi/9.3.1/../../../../arm-none-eabi/lib/thumb/v6-m/nofp\libnosys.a(fstat.o)
                                 0x24 (size before relaxing)
 .stab          0x0000003c       0x18 c:/program files (x86)/embitz/2.60/share/armgcc/bin/../lib/gcc/arm-none-eabi/9.3.1/../../../../arm-none-eabi/lib/thumb/v6-m/nofp\libnosys.a(isatty.o)
                                 0x24 (size before relaxing)
 .stab          0x00000054       0x18 c:/program files (x86)/embitz/2.60/share/armgcc/bin/../lib/gcc/arm-none-eabi/9.3.1/../../../../arm-none-eabi/lib/thumb/v6-m/nofp\libnosys.a(lseek.o)
                                 0x24 (size before relaxing)

.stabstr        0x00000000       0xe3
 .stabstr       0x00000000       0xe3 c:/program files (x86)/embitz/2.60/share/armgcc/bin/../lib/gcc/arm-none-eabi/9.3.1/../../../../arm-none-eabi/lib/thumb/v6-m/nofp\libnosys.a(close.o)
